-- start_ignore
-- end_ignore
-- Licensed to the Apache Software Foundation (ASF) under one
-- or more contributor license agreements.  See the NOTICE file
-- distributed with this work for additional information
-- regarding copyright ownership.  The ASF licenses this file
-- to you under the Apache License, Version 2.0 (the
-- "License"); you may not use this file except in compliance
-- with the License.  You may obtain a copy of the License at
--
--   http://www.apache.org/licenses/LICENSE-2.0
--
-- Unless required by applicable law or agreed to in writing,
-- software distributed under the License is distributed on an
-- "AS IS" BASIS, WITHOUT WARRANTIES OR CONDITIONS OF ANY
-- KIND, either express or implied.  See the License for the
-- specific language governing permissions and limitations
-- under the License.

-- @description ClickHouse JDBC read: expect one row of primitive types from PXF (values compared by regress output)
SET timezone='utc';
SET

SET bytea_output='hex';
SET

SELECT
    i_int,
    s_small,
    b_big,
    f_float32,
    d_float64,
    b_bool,
    dec,
    t_text,
    bin,
    d_date,
    d_ts,
    d_tstz,
    d_uuid
FROM pxf_ch_clickhouse_read_types
LIMIT 1;
 i_int | s_small | b_big | f_float32 | d_float64 | b_bool |        dec        | t_text |    bin     |   d_date   |         d_ts          |        d_tstz         |                d_uuid
-------+---------+-------+-----------+-----------+--------+-------------------+--------+------------+------------+-----------------------+-----------------------+--------------------------------------
     1 |       2 |     3 |      1.25 | 3.1415926 | t      | 12345.6789012345 | hello  | \x41424344 | 2020-01-02 | 2020-01-02 03:04:05.006 | 2020-01-02 03:04:05.006+00 | 550e8400-e29b-41d4-a716-446655440000
(1 row)
